­ƒöì Iniciando teste de categorias e destinos Supabase...


--- TIPO DE PASSEIO: PEDAGOGICO ---
Ô£à Categorias encontradas (8): zoologico, museu, ciencia, astronomia, natureza, educativo, museu_interativo, cultura

  ­ƒôé Categoria: "zoologico"
  ­ƒôè Total de destinos: 4
  ­ƒîƒ Destaques: 0
  ­ƒôØ Exemplo de t├¡tulos:
    1. [ ] ZOOL├ôGICO DE S├âO PAULO (ID: 119)
    2. [ ] PET ZOO (ID: 102)
    3. [ ] ANIMALIA (ID: 113)
    ... e mais 1 op├º├Áes.

  ­ƒôé Categoria: "museu"
  ­ƒôè Total de destinos: 4
  ­ƒîƒ Destaques: 0
  ­ƒôØ Exemplo de t├¡tulos:
    1. [ ] PARANAPIACABA (ID: 104)
    2. [ ] SALES├ôPOLIS (ID: 99)
    3. [ ] MUSEU DA LINGUA PORTUGUESA (ID: 108)
    ... e mais 1 op├º├Áes.

  ­ƒôé Categoria: "ciencia"
  ­ƒôè Total de destinos: 1
  ­ƒîƒ Destaques: 0
  ­ƒôØ Exemplo de t├¡tulos:
    1. [ ] SHOW DA F├ìSICA (ID: 98)

  ­ƒôé Categoria: "astronomia"
  ­ƒôè Total de destinos: 2
  ­ƒîƒ Destaques: 0
  ­ƒôØ Exemplo de t├¡tulos:
    1. [ ] PLANET├üRIO IBIRAPUERA (ID: 101)
    2. [ ] SABINA PARQUE ESCOLA (ID: 100)

  ­ƒôé Categoria: "natureza"
  ­ƒôè Total de destinos: 1
  ­ƒîƒ Destaques: 0
  ­ƒôØ Exemplo de t├¡tulos:
    1. [ ] JARDIM BOT├éNICO (ID: 110)

  ­ƒôé Categoria: "educativo"
  ­ƒôè Total de destinos: 1
  ­ƒîƒ Destaques: 0
  ­ƒôØ Exemplo de t├¡tulos:
    1. [ ] CIDADE DO LIVRO (ID: 111)

  ­ƒôé Categoria: "museu_interativo"
  ­ƒôè Total de destinos: 1
  ­ƒîƒ Destaques: 0
  ­ƒôØ Exemplo de t├¡tulos:
    1. [ ] CATAVENTO CULTURAL (ID: 112)

  ­ƒôé Categoria: "cultura"
  ­ƒôè Total de destinos: 2
  ­ƒîƒ Destaques: 0
  ­ƒôØ Exemplo de t├¡tulos:
    1. [ ] ALDEIA NAKANA ÔÇô POVOS ORIGIN├üRIOS (ID: 114)
    2. [ ] ALDEIA NAKANA ÔÇô FOLCLORE (ID: 115)

--- TIPO DE PASSEIO: LAZER ---
Ô£à Categorias encontradas (3): parque_indoor, parque_tematico, parque_aquatico

  ­ƒôé Categoria: "parque_indoor"
  ­ƒôè Total de destinos: 4
  ­ƒîƒ Destaques: 0
  ­ƒôØ Exemplo de t├¡tulos:
    1. [ ] NEO GEO RECEPTIVO (ESCOLAS P├ÜBLICAS) (ID: 105)
    2. [ ] NEO GEO (PARA ESCOLAS P├ÜBLICAS) (ID: 106)
    3. [ ] NEO GEO (PARA ESCOLAS PARTICULARES) (ID: 107)
    ... e mais 1 op├º├Áes.

  ­ƒôé Categoria: "parque_tematico"
  ­ƒôè Total de destinos: 1
  ­ƒîƒ Destaques: 0
  ­ƒôØ Exemplo de t├¡tulos:
    1. [ ] PARQUE DA MONICA (ID: 103)

  ­ƒôé Categoria: "parque_aquatico"
  ­ƒôè Total de destinos: 1
  ­ƒîƒ Destaques: 0
  ­ƒôØ Exemplo de t├¡tulos:
    1. [ ] WETÔÇÖN WILD ÔÇô PARQUE AQU├üTICO (ID: 118)
